******************************************************************************
                  TI ARM Linker PC v20.2.5                     
******************************************************************************
>> Linked Thu Oct 28 14:52:35 2021

OUTPUT FILE NAME:   <GripSim.out>
ENTRY POINT SYMBOL: "_c_int00_noargs"  address: 000005f1


MEMORY CONFIGURATION

         name            origin    length      used     unused   attr    fill
----------------------  --------  ---------  --------  --------  ----  --------
  FLASH                 00000000   00040000  00000694  0003f96c  R  X
  SRAM                  20000000   00008000  00000210  00007df0  RW X


SEGMENT ALLOCATION MAP

run origin  load origin   length   init length attrs members
----------  ----------- ---------- ----------- ----- -------
00000000    00000000    00000694   00000694    r-x
  00000000    00000000    0000026c   0000026c    r-- .intvecs
  0000026c    0000026c    00000414   00000414    r-x .text
  00000680    00000680    00000014   00000014    r-- .cinit
20000000    20000000    00000210   00000000    rw-
  20000000    20000000    00000200   00000000    rw- .stack
  20000200    20000200    00000010   00000000    rw- .bss


SECTION ALLOCATION MAP

 output                                  attributes/
section   page    origin      length       input sections
--------  ----  ----------  ----------   ----------------
.intvecs   0    00000000    0000026c     
                  00000000    0000026c     tm4c123gh6pm_startup_ccs.obj (.intvecs)

.text      0    0000026c    00000414     
                  0000026c    000001a0     ADC_Test_5Chan.obj (.text)
                  0000040c    00000118     LaunchPad.obj (.text)
                  00000524    00000088     PLL.obj (.text)
                  000005ac    00000044     rtsv7M4_T_le_v4SPD16_eabi.lib : autoinit.c.obj (.text:__TI_auto_init_nobinit_nopinit:__TI_auto_init_nobinit_nopinit)
                  000005f0    00000034                                   : boot_cortex_m.c.obj (.text:_c_int00_noargs:_c_int00_noargs)
                  00000624    0000002c     CortexM.obj (.text)
                  00000650    0000001c     rtsv7M4_T_le_v4SPD16_eabi.lib : copy_zero_init.c.obj (.text:decompress:ZI:__TI_zero_init_nomemset:__TI_zero_init_nomemset)
                  0000066c    0000000c     tm4c123gh6pm_startup_ccs.obj (.text)
                  00000678    00000004     rtsv7M4_T_le_v4SPD16_eabi.lib : pre_init.c.obj (.text:_system_pre_init)
                  0000067c    00000004                                   : exit.c.obj (.text:abort:abort)

.cinit     0    00000680    00000014     
                  00000680    00000008     (.cinit..bss.load) [load image, compression = zero_init]
                  00000688    00000004     (__TI_handler_table)
                  0000068c    00000008     (__TI_cinit_table)

.init_array 
*          0    00000000    00000000     UNINITIALIZED

.bss       0    20000200    00000010     UNINITIALIZED
                  20000200    00000010     (.common:ADCvalue)

.stack     0    20000000    00000200     UNINITIALIZED
                  20000000    00000004     rtsv7M4_T_le_v4SPD16_eabi.lib : boot_cortex_m.c.obj (.stack)
                  20000004    000001fc     --HOLE--

__llvm_prf_cnts 
*          0    20000000    00000000     UNINITIALIZED

MODULE SUMMARY

       Module                         code   ro data   rw data
       ------                         ----   -------   -------
    .\
       tm4c123gh6pm_startup_ccs.obj   12     620       0      
       ADC_Test_5Chan.obj             416    0         16     
       LaunchPad.obj                  280    0         0      
       PLL.obj                        136    0         0      
       CortexM.obj                    44     0         0      
    +--+------------------------------+------+---------+---------+
       Total:                         888    620       16     
                                                              
    C:\ti\ccs1040\ccs\tools\compiler\ti-cgt-arm_20.2.5.LTS\lib\rtsv7M4_T_le_v4SPD16_eabi.lib
       autoinit.c.obj                 68     0         0      
       boot_cortex_m.c.obj            52     0         0      
       copy_zero_init.c.obj           28     0         0      
       exit.c.obj                     4      0         0      
       pre_init.c.obj                 4      0         0      
    +--+------------------------------+------+---------+---------+
       Total:                         156    0         0      
                                                              
       Stack:                         0      0         512    
       Linker Generated:              0      20        0      
    +--+------------------------------+------+---------+---------+
       Grand Total:                   1044   640       528    


LINKER GENERATED COPY TABLES

__TI_cinit_table @ 0000068c records: 1, size/record: 8, table size: 8
	.bss: load addr=00000680, load size=00000008 bytes, run addr=20000200, run size=00000010 bytes, compression=zero_init


LINKER GENERATED HANDLER TABLE

__TI_handler_table @ 00000688 records: 1, size/record: 4, table size: 4
	index: 0, handler: __TI_zero_init


GLOBAL SYMBOLS: SORTED ALPHABETICALLY BY Name 

address   name                          
-------   ----                          
00000335  ADC_In                        
00000325  ADC_Init                      
20000200  ADCvalue                      
0000067d  C$$EXIT                       
00000625  Clock_Delay                   
00000633  Clock_Delay1ms                
0000040d  LaunchPad_Init                
00000445  LaunchPad_Input               
000004e3  LaunchPad_Output              
000004b3  LaunchPad_WaitForRelease      
00000497  LaunchPad_WaitForTouch        
00000525  PLL_Init                      
0000066d  ResetISR                      
20000200  __STACK_END                   
00000200  __STACK_SIZE                  
20000200  __STACK_TOP                   
0000068c  __TI_CINIT_Base               
00000694  __TI_CINIT_Limit              
00000688  __TI_Handler_Table_Base       
0000068c  __TI_Handler_Table_Limit      
000005ad  __TI_auto_init_nobinit_nopinit
ffffffff  __TI_pprof_out_hndl           
ffffffff  __TI_prof_data_size           
ffffffff  __TI_prof_data_start          
00000000  __TI_static_base__            
00000651  __TI_zero_init_nomemset       
ffffffff  __binit__                     
ffffffff  __c_args__                    
UNDEFED   __mpu_init                    
20000000  __stack                       
20000000  __start___llvm_prf_cnts       
20000000  __stop___llvm_prf_cnts        
000005f1  _c_int00_noargs               
UNDEFED   _system_post_cinit            
00000679  _system_pre_init              
0000067d  abort                         
ffffffff  binit                         
00000000  g_pfnVectors                  
00000383  main                          


GLOBAL SYMBOLS: SORTED BY Symbol Address 

address   name                          
-------   ----                          
00000000  __TI_static_base__            
00000000  g_pfnVectors                  
00000200  __STACK_SIZE                  
00000325  ADC_Init                      
00000335  ADC_In                        
00000383  main                          
0000040d  LaunchPad_Init                
00000445  LaunchPad_Input               
00000497  LaunchPad_WaitForTouch        
000004b3  LaunchPad_WaitForRelease      
000004e3  LaunchPad_Output              
00000525  PLL_Init                      
000005ad  __TI_auto_init_nobinit_nopinit
000005f1  _c_int00_noargs               
00000625  Clock_Delay                   
00000633  Clock_Delay1ms                
00000651  __TI_zero_init_nomemset       
0000066d  ResetISR                      
00000679  _system_pre_init              
0000067d  C$$EXIT                       
0000067d  abort                         
00000688  __TI_Handler_Table_Base       
0000068c  __TI_CINIT_Base               
0000068c  __TI_Handler_Table_Limit      
00000694  __TI_CINIT_Limit              
20000000  __stack                       
20000000  __start___llvm_prf_cnts       
20000000  __stop___llvm_prf_cnts        
20000200  ADCvalue                      
20000200  __STACK_END                   
20000200  __STACK_TOP                   
ffffffff  __TI_pprof_out_hndl           
ffffffff  __TI_prof_data_size           
ffffffff  __TI_prof_data_start          
ffffffff  __binit__                     
ffffffff  __c_args__                    
ffffffff  binit                         
UNDEFED   __mpu_init                    
UNDEFED   _system_post_cinit            

[39 symbols]
