******************************************************************************
                  TI ARM Linker Unix v20.2.5                   
******************************************************************************
>> Linked Mon Nov  1 21:20:01 2021

OUTPUT FILE NAME:   <GripSim.out>
ENTRY POINT SYMBOL: "_c_int00_noargs"  address: 000005f5


MEMORY CONFIGURATION

         name            origin    length      used     unused   attr    fill
----------------------  --------  ---------  --------  --------  ----  --------
  FLASH                 00000000   00040000  00000698  0003f968  R  X
  SRAM                  20000000   00008000  00000210  00007df0  RW X


SEGMENT ALLOCATION MAP

run origin  load origin   length   init length attrs members
----------  ----------- ---------- ----------- ----- -------
00000000    00000000    0000069c   0000069c    r-x
  00000000    00000000    0000026c   0000026c    r-- .intvecs
  0000026c    0000026c    00000418   00000418    r-x .text
  00000688    00000688    00000014   00000014    r-- .cinit
20000000    20000000    00000210   00000000    rw-
  20000000    20000000    00000200   00000000    rw- .stack
  20000200    20000200    00000010   00000000    rw- .bss


SECTION ALLOCATION MAP

 output                                  attributes/
section   page    origin      length       input sections
--------  ----  ----------  ----------   ----------------
.intvecs   0    00000000    0000026c     
                  00000000    0000026c     tm4c123gh6pm_startup_ccs.obj (.intvecs)

.text      0    0000026c    00000418     
                  0000026c    000001a4     ADC_Test_5Chan.obj (.text)
                  00000410    00000118     LaunchPad.obj (.text)
                  00000528    00000088     PLL.obj (.text)
                  000005b0    00000044     rtsv7M4_T_le_v4SPD16_eabi.lib : autoinit.c.obj (.text:__TI_auto_init_nobinit_nopinit:__TI_auto_init_nobinit_nopinit)
                  000005f4    00000034                                   : boot_cortex_m.c.obj (.text:_c_int00_noargs:_c_int00_noargs)
                  00000628    0000002c     CortexM.obj (.text)
                  00000654    0000001c     rtsv7M4_T_le_v4SPD16_eabi.lib : copy_zero_init.c.obj (.text:decompress:ZI:__TI_zero_init_nomemset:__TI_zero_init_nomemset)
                  00000670    0000000c     tm4c123gh6pm_startup_ccs.obj (.text)
                  0000067c    00000004     rtsv7M4_T_le_v4SPD16_eabi.lib : pre_init.c.obj (.text:_system_pre_init)
                  00000680    00000004                                   : exit.c.obj (.text:abort:abort)

.cinit     0    00000688    00000014     
                  00000688    00000008     (.cinit..bss.load) [load image, compression = zero_init]
                  00000690    00000004     (__TI_handler_table)
                  00000694    00000008     (__TI_cinit_table)

.init_array 
*          0    00000000    00000000     UNINITIALIZED

.bss       0    20000200    00000010     UNINITIALIZED
                  20000200    00000010     (.common:ADCvalue)

.stack     0    20000000    00000200     UNINITIALIZED
                  20000000    00000004     rtsv7M4_T_le_v4SPD16_eabi.lib : boot_cortex_m.c.obj (.stack)
                  20000004    000001fc     --HOLE--

__llvm_prf_cnts 
*          0    20000000    00000000     UNINITIALIZED

MODULE SUMMARY

       Module                         code   ro data   rw data
       ------                         ----   -------   -------
    ./
       tm4c123gh6pm_startup_ccs.obj   12     620       0      
       ADC_Test_5Chan.obj             420    0         16     
    +--+------------------------------+------+---------+---------+
       Total:                         432    620       16     
                                                              
    ./inc/
       LaunchPad.obj                  280    0         0      
       PLL.obj                        136    0         0      
       CortexM.obj                    44     0         0      
    +--+------------------------------+------+---------+---------+
       Total:                         460    0         0      
                                                              
    /Applications/ti/ccs1100/ccs/tools/compiler/ti-cgt-arm_20.2.5.LTS/lib/rtsv7M4_T_le_v4SPD16_eabi.lib
       autoinit.c.obj                 68     0         0      
       boot_cortex_m.c.obj            52     0         0      
       copy_zero_init.c.obj           28     0         0      
       exit.c.obj                     4      0         0      
       pre_init.c.obj                 4      0         0      
    +--+------------------------------+------+---------+---------+
       Total:                         156    0         0      
                                                              
       Stack:                         0      0         512    
       Linker Generated:              0      20        0      
    +--+------------------------------+------+---------+---------+
       Grand Total:                   1048   640       528    


LINKER GENERATED COPY TABLES

__TI_cinit_table @ 00000694 records: 1, size/record: 8, table size: 8
	.bss: load addr=00000688, load size=00000008 bytes, run addr=20000200, run size=00000010 bytes, compression=zero_init


LINKER GENERATED HANDLER TABLE

__TI_handler_table @ 00000690 records: 1, size/record: 4, table size: 4
	index: 0, handler: __TI_zero_init


GLOBAL SYMBOLS: SORTED ALPHABETICALLY BY Name 

address   name                          
-------   ----                          
00000335  ADC_In                        
00000325  ADC_Init                      
20000200  ADCvalue                      
00000681  C$$EXIT                       
00000629  Clock_Delay                   
00000637  Clock_Delay1ms                
00000411  LaunchPad_Init                
00000449  LaunchPad_Input               
000004e7  LaunchPad_Output              
000004b7  LaunchPad_WaitForRelease      
0000049b  LaunchPad_WaitForTouch        
00000529  PLL_Init                      
00000671  ResetISR                      
20000200  __STACK_END                   
00000200  __STACK_SIZE                  
20000200  __STACK_TOP                   
00000694  __TI_CINIT_Base               
0000069c  __TI_CINIT_Limit              
00000690  __TI_Handler_Table_Base       
00000694  __TI_Handler_Table_Limit      
000005b1  __TI_auto_init_nobinit_nopinit
ffffffff  __TI_pprof_out_hndl           
ffffffff  __TI_prof_data_size           
ffffffff  __TI_prof_data_start          
00000000  __TI_static_base__            
00000655  __TI_zero_init_nomemset       
ffffffff  __binit__                     
ffffffff  __c_args__                    
UNDEFED   __mpu_init                    
20000000  __stack                       
20000000  __start___llvm_prf_cnts       
20000000  __stop___llvm_prf_cnts        
000005f5  _c_int00_noargs               
UNDEFED   _system_post_cinit            
0000067d  _system_pre_init              
00000681  abort                         
ffffffff  binit                         
00000000  g_pfnVectors                  
00000383  main                          


GLOBAL SYMBOLS: SORTED BY Symbol Address 

address   name                          
-------   ----                          
00000000  __TI_static_base__            
00000000  g_pfnVectors                  
00000200  __STACK_SIZE                  
00000325  ADC_Init                      
00000335  ADC_In                        
00000383  main                          
00000411  LaunchPad_Init                
00000449  LaunchPad_Input               
0000049b  LaunchPad_WaitForTouch        
000004b7  LaunchPad_WaitForRelease      
000004e7  LaunchPad_Output              
00000529  PLL_Init                      
000005b1  __TI_auto_init_nobinit_nopinit
000005f5  _c_int00_noargs               
00000629  Clock_Delay                   
00000637  Clock_Delay1ms                
00000655  __TI_zero_init_nomemset       
00000671  ResetISR                      
0000067d  _system_pre_init              
00000681  C$$EXIT                       
00000681  abort                         
00000690  __TI_Handler_Table_Base       
00000694  __TI_CINIT_Base               
00000694  __TI_Handler_Table_Limit      
0000069c  __TI_CINIT_Limit              
20000000  __stack                       
20000000  __start___llvm_prf_cnts       
20000000  __stop___llvm_prf_cnts        
20000200  ADCvalue                      
20000200  __STACK_END                   
20000200  __STACK_TOP                   
ffffffff  __TI_pprof_out_hndl           
ffffffff  __TI_prof_data_size           
ffffffff  __TI_prof_data_start          
ffffffff  __binit__                     
ffffffff  __c_args__                    
ffffffff  binit                         
UNDEFED   __mpu_init                    
UNDEFED   _system_post_cinit            

[39 symbols]
