<?xml version="1.0" encoding="ISO-8859-1" ?>
<link_info>
   <banner>TI ARM Linker Unix v20.2.5.LTS</banner>
   <copyright>Copyright (c) 1996-2018 Texas Instruments Incorporated</copyright>
   <link_time>0x61a5b9f7</link_time>
   <link_errors>0x0</link_errors>
   <output_file>Model.out</output_file>
   <entry_point>
      <name>_c_int00_noinit_noargs</name>
      <address>0x899</address>
   </entry_point>
   <input_file_list>
      <input_file id="fl-1">
         <path>./</path>
         <kind>object</kind>
         <file>PLL.obj</file>
         <name>PLL.obj</name>
      </input_file>
      <input_file id="fl-2">
         <path>./</path>
         <kind>object</kind>
         <file>Servo.obj</file>
         <name>Servo.obj</name>
      </input_file>
      <input_file id="fl-3">
         <path>./</path>
         <kind>object</kind>
         <file>main.obj</file>
         <name>main.obj</name>
      </input_file>
      <input_file id="fl-4">
         <path>./</path>
         <kind>object</kind>
         <file>tm4c123gh6pm_startup_ccs.obj</file>
         <name>tm4c123gh6pm_startup_ccs.obj</name>
      </input_file>
      <input_file id="fl-8">
         <kind>object</kind>
         <file>&lt;internal&gt;</file>
         <name>&lt;internal&gt;</name>
      </input_file>
      <input_file id="fl-be">
         <path>/Applications/ti/ccs1100/ccs/tools/compiler/ti-cgt-arm_20.2.5.LTS/lib/</path>
         <kind>archive</kind>
         <file>rtsv7M4_T_le_v4SPD16_eabi.lib</file>
         <name>copy_zero_init.c.obj</name>
      </input_file>
      <input_file id="fl-bf">
         <path>/Applications/ti/ccs1100/ccs/tools/compiler/ti-cgt-arm_20.2.5.LTS/lib/</path>
         <kind>archive</kind>
         <file>rtsv7M4_T_le_v4SPD16_eabi.lib</file>
         <name>copy_decompress_none.c.obj</name>
      </input_file>
      <input_file id="fl-c0">
         <path>/Applications/ti/ccs1100/ccs/tools/compiler/ti-cgt-arm_20.2.5.LTS/lib/</path>
         <kind>archive</kind>
         <file>rtsv7M4_T_le_v4SPD16_eabi.lib</file>
         <name>copy_decompress_lzss.c.obj</name>
      </input_file>
      <input_file id="fl-c1">
         <path>/Applications/ti/ccs1100/ccs/tools/compiler/ti-cgt-arm_20.2.5.LTS/lib/</path>
         <kind>archive</kind>
         <file>rtsv7M4_T_le_v4SPD16_eabi.lib</file>
         <name>boot_cortex_m.c.obj</name>
      </input_file>
      <input_file id="fl-c2">
         <path>/Applications/ti/ccs1100/ccs/tools/compiler/ti-cgt-arm_20.2.5.LTS/lib/</path>
         <kind>archive</kind>
         <file>rtsv7M4_T_le_v4SPD16_eabi.lib</file>
         <name>memcpy_t2.asm.obj</name>
      </input_file>
      <input_file id="fl-c3">
         <path>/Applications/ti/ccs1100/ccs/tools/compiler/ti-cgt-arm_20.2.5.LTS/lib/</path>
         <kind>archive</kind>
         <file>rtsv7M4_T_le_v4SPD16_eabi.lib</file>
         <name>memset_t2.asm.obj</name>
      </input_file>
      <input_file id="fl-c4">
         <path>/Applications/ti/ccs1100/ccs/tools/compiler/ti-cgt-arm_20.2.5.LTS/lib/</path>
         <kind>archive</kind>
         <file>rtsv7M4_T_le_v4SPD16_eabi.lib</file>
         <name>autoinit.c.obj</name>
      </input_file>
      <input_file id="fl-c5">
         <path>/Applications/ti/ccs1100/ccs/tools/compiler/ti-cgt-arm_20.2.5.LTS/lib/</path>
         <kind>archive</kind>
         <file>rtsv7M4_T_le_v4SPD16_eabi.lib</file>
         <name>pre_init.c.obj</name>
      </input_file>
      <input_file id="fl-c6">
         <path>/Applications/ti/ccs1100/ccs/tools/compiler/ti-cgt-arm_20.2.5.LTS/lib/</path>
         <kind>archive</kind>
         <file>rtsv7M4_T_le_v4SPD16_eabi.lib</file>
         <name>cpy_tbl.c.obj</name>
      </input_file>
      <input_file id="fl-c7">
         <path>/Applications/ti/ccs1100/ccs/tools/compiler/ti-cgt-arm_20.2.5.LTS/lib/</path>
         <kind>archive</kind>
         <file>rtsv7M4_T_le_v4SPD16_eabi.lib</file>
         <name>exit.c.obj</name>
      </input_file>
      <input_file id="fl-c8">
         <path>/Applications/ti/ccs1100/ccs/tools/compiler/ti-cgt-arm_20.2.5.LTS/lib/</path>
         <kind>archive</kind>
         <file>rtsv7M4_T_le_v4SPD16_eabi.lib</file>
         <name>_lock.c.obj</name>
      </input_file>
      <input_file id="fl-c9">
         <path>/Applications/ti/ccs1100/ccs/tools/compiler/ti-cgt-arm_20.2.5.LTS/lib/</path>
         <kind>archive</kind>
         <file>rtsv7M4_T_le_v4SPD16_eabi.lib</file>
         <name>args_main.c.obj</name>
      </input_file>
   </input_file_list>
   <object_component_list>
      <object_component id="oc-12">
         <name>.intvecs</name>
         <load_address>0x0</load_address>
         <run_address>0x0</run_address>
         <size>0x26c</size>
         <input_file_ref idref="fl-4"/>
      </object_component>
      <object_component id="oc-c9">
         <name>.text</name>
         <load_address>0x26c</load_address>
         <run_address>0x26c</run_address>
         <size>0x490</size>
         <input_file_ref idref="fl-2"/>
      </object_component>
      <object_component id="oc-27">
         <name>.text</name>
         <load_address>0x6fc</load_address>
         <run_address>0x6fc</run_address>
         <size>0x112</size>
         <input_file_ref idref="fl-4"/>
      </object_component>
      <object_component id="oc-c3">
         <name>.text</name>
         <load_address>0x810</load_address>
         <run_address>0x810</run_address>
         <size>0x88</size>
         <input_file_ref idref="fl-1"/>
      </object_component>
      <object_component id="oc-53">
         <name>.text:_c_int00_noinit_noargs:_c_int00_noinit_noargs</name>
         <load_address>0x898</load_address>
         <run_address>0x898</run_address>
         <size>0x2c</size>
         <input_file_ref idref="fl-c1"/>
      </object_component>
      <object_component id="oc-9b">
         <name>.text</name>
         <load_address>0x8c4</load_address>
         <run_address>0x8c4</run_address>
         <size>0x12</size>
         <input_file_ref idref="fl-3"/>
      </object_component>
      <object_component id="oc-95">
         <name>.text:_system_pre_init</name>
         <load_address>0x8d6</load_address>
         <run_address>0x8d6</run_address>
         <size>0x4</size>
         <input_file_ref idref="fl-c5"/>
      </object_component>
      <object_component id="oc-d0">
         <name>.text:abort:abort</name>
         <load_address>0x8da</load_address>
         <run_address>0x8da</run_address>
         <size>0x4</size>
         <input_file_ref idref="fl-c7"/>
      </object_component>
      <object_component id="oc-24">
         <name>.stack</name>
         <uninitialized>true</uninitialized>
         <run_address>0x20000000</run_address>
         <size>0x4</size>
         <input_file_ref idref="fl-c1"/>
      </object_component>
      <object_component id="oc-190">
         <name>.stack</name>
         <uninitialized>true</uninitialized>
         <run_address>0x20000000</run_address>
         <size>0x0</size>
      </object_component>
      <object_component id="oc-b2">
         <name>.debug_info</name>
         <load_address>0x0</load_address>
         <run_address>0x0</run_address>
         <size>0x282</size>
         <input_file_ref idref="fl-1"/>
      </object_component>
      <object_component id="oc-c4">
         <name>.debug_info</name>
         <load_address>0x282</load_address>
         <run_address>0x282</run_address>
         <size>0x142</size>
         <input_file_ref idref="fl-1"/>
      </object_component>
      <object_component id="oc-70">
         <name>.debug_info</name>
         <load_address>0x3c4</load_address>
         <run_address>0x3c4</run_address>
         <size>0x26b</size>
         <input_file_ref idref="fl-1"/>
      </object_component>
      <object_component id="oc-36">
         <name>.debug_info</name>
         <load_address>0x62f</load_address>
         <run_address>0x62f</run_address>
         <size>0x84</size>
         <input_file_ref idref="fl-1"/>
      </object_component>
      <object_component id="oc-ad">
         <name>.debug_info</name>
         <load_address>0x6b3</load_address>
         <run_address>0x6b3</run_address>
         <size>0x2a4</size>
         <input_file_ref idref="fl-1"/>
      </object_component>
      <object_component id="oc-75">
         <name>.debug_info</name>
         <load_address>0x957</load_address>
         <run_address>0x957</run_address>
         <size>0xbb</size>
         <input_file_ref idref="fl-1"/>
      </object_component>
      <object_component id="oc-112">
         <name>.debug_info</name>
         <load_address>0xa12</load_address>
         <run_address>0xa12</run_address>
         <size>0x289</size>
         <input_file_ref idref="fl-2"/>
      </object_component>
      <object_component id="oc-ca">
         <name>.debug_info</name>
         <load_address>0xc9b</load_address>
         <run_address>0xc9b</run_address>
         <size>0x81c</size>
         <input_file_ref idref="fl-2"/>
      </object_component>
      <object_component id="oc-9c">
         <name>.debug_info</name>
         <load_address>0x14b7</load_address>
         <run_address>0x14b7</run_address>
         <size>0x14e</size>
         <input_file_ref idref="fl-3"/>
      </object_component>
      <object_component id="oc-2f">
         <name>.debug_info</name>
         <load_address>0x1605</load_address>
         <run_address>0x1605</run_address>
         <size>0x2d5</size>
         <input_file_ref idref="fl-4"/>
      </object_component>
      <object_component id="oc-13">
         <name>.debug_info</name>
         <load_address>0x18da</load_address>
         <run_address>0x18da</run_address>
         <size>0x114</size>
         <input_file_ref idref="fl-4"/>
      </object_component>
      <object_component id="oc-28">
         <name>.debug_info</name>
         <load_address>0x19ee</load_address>
         <run_address>0x19ee</run_address>
         <size>0x39ef</size>
         <input_file_ref idref="fl-4"/>
      </object_component>
      <object_component id="oc-25">
         <name>.debug_info</name>
         <load_address>0x53dd</load_address>
         <run_address>0x53dd</run_address>
         <size>0x10b</size>
         <input_file_ref idref="fl-c1"/>
      </object_component>
      <object_component id="oc-54">
         <name>.debug_info</name>
         <load_address>0x54e8</load_address>
         <run_address>0x54e8</run_address>
         <size>0x1a2</size>
         <input_file_ref idref="fl-c1"/>
      </object_component>
      <object_component id="oc-96">
         <name>.debug_info</name>
         <load_address>0x568a</load_address>
         <run_address>0x568a</run_address>
         <size>0x153</size>
         <input_file_ref idref="fl-c5"/>
      </object_component>
      <object_component id="oc-d1">
         <name>.debug_info</name>
         <load_address>0x57dd</load_address>
         <run_address>0x57dd</run_address>
         <size>0x122</size>
         <input_file_ref idref="fl-c7"/>
      </object_component>
      <object_component id="oc-191">
         <name>.debug_info</name>
         <load_address>0x58ff</load_address>
         <run_address>0x58ff</run_address>
         <size>0xc7</size>
      </object_component>
      <object_component id="oc-10f">
         <name>.debug_line</name>
         <load_address>0x0</load_address>
         <run_address>0x0</run_address>
         <size>0x20</size>
         <input_file_ref idref="fl-1"/>
      </object_component>
      <object_component id="oc-c7">
         <name>.debug_line</name>
         <load_address>0x20</load_address>
         <run_address>0x20</run_address>
         <size>0x52</size>
         <input_file_ref idref="fl-1"/>
      </object_component>
      <object_component id="oc-73">
         <name>.debug_line</name>
         <load_address>0x72</load_address>
         <run_address>0x72</run_address>
         <size>0x7a</size>
         <input_file_ref idref="fl-1"/>
      </object_component>
      <object_component id="oc-39">
         <name>.debug_line</name>
         <load_address>0xec</load_address>
         <run_address>0xec</run_address>
         <size>0x20</size>
         <input_file_ref idref="fl-1"/>
      </object_component>
      <object_component id="oc-b0">
         <name>.debug_line</name>
         <load_address>0x10c</load_address>
         <run_address>0x10c</run_address>
         <size>0x7e</size>
         <input_file_ref idref="fl-1"/>
      </object_component>
      <object_component id="oc-78">
         <name>.debug_line</name>
         <load_address>0x18a</load_address>
         <run_address>0x18a</run_address>
         <size>0x7b</size>
         <input_file_ref idref="fl-1"/>
      </object_component>
      <object_component id="oc-134">
         <name>.debug_line</name>
         <load_address>0x205</load_address>
         <run_address>0x205</run_address>
         <size>0x20</size>
         <input_file_ref idref="fl-2"/>
      </object_component>
      <object_component id="oc-cd">
         <name>.debug_line</name>
         <load_address>0x225</load_address>
         <run_address>0x225</run_address>
         <size>0x1c9</size>
         <input_file_ref idref="fl-2"/>
      </object_component>
      <object_component id="oc-9f">
         <name>.debug_line</name>
         <load_address>0x3ee</load_address>
         <run_address>0x3ee</run_address>
         <size>0x44</size>
         <input_file_ref idref="fl-3"/>
      </object_component>
      <object_component id="oc-6f">
         <name>.debug_line</name>
         <load_address>0x432</load_address>
         <run_address>0x432</run_address>
         <size>0x41</size>
         <input_file_ref idref="fl-4"/>
      </object_component>
      <object_component id="oc-2e">
         <name>.debug_line</name>
         <load_address>0x473</load_address>
         <run_address>0x473</run_address>
         <size>0x41</size>
         <input_file_ref idref="fl-4"/>
      </object_component>
      <object_component id="oc-2b">
         <name>.debug_line</name>
         <load_address>0x4b4</load_address>
         <run_address>0x4b4</run_address>
         <size>0xc38</size>
         <input_file_ref idref="fl-4"/>
      </object_component>
      <object_component id="oc-6c">
         <name>.debug_line</name>
         <load_address>0x10ec</load_address>
         <run_address>0x10ec</run_address>
         <size>0x33</size>
         <input_file_ref idref="fl-c1"/>
      </object_component>
      <object_component id="oc-57">
         <name>.debug_line</name>
         <load_address>0x111f</load_address>
         <run_address>0x111f</run_address>
         <size>0x48</size>
         <input_file_ref idref="fl-c1"/>
      </object_component>
      <object_component id="oc-99">
         <name>.debug_line</name>
         <load_address>0x1167</load_address>
         <run_address>0x1167</run_address>
         <size>0x40</size>
         <input_file_ref idref="fl-c5"/>
      </object_component>
      <object_component id="oc-d4">
         <name>.debug_line</name>
         <load_address>0x11a7</load_address>
         <run_address>0x11a7</run_address>
         <size>0x3c</size>
         <input_file_ref idref="fl-c7"/>
      </object_component>
      <object_component id="oc-c8">
         <name>.debug_frame</name>
         <load_address>0x0</load_address>
         <run_address>0x0</run_address>
         <size>0x58</size>
         <input_file_ref idref="fl-1"/>
      </object_component>
      <object_component id="oc-ce">
         <name>.debug_frame</name>
         <load_address>0x58</load_address>
         <run_address>0x58</run_address>
         <size>0x160</size>
         <input_file_ref idref="fl-2"/>
      </object_component>
      <object_component id="oc-a0">
         <name>.debug_frame</name>
         <load_address>0x1b8</load_address>
         <run_address>0x1b8</run_address>
         <size>0x58</size>
         <input_file_ref idref="fl-3"/>
      </object_component>
      <object_component id="oc-2c">
         <name>.debug_frame</name>
         <load_address>0x210</load_address>
         <run_address>0x210</run_address>
         <size>0xa2c</size>
         <input_file_ref idref="fl-4"/>
      </object_component>
      <object_component id="oc-58">
         <name>.debug_frame</name>
         <load_address>0xc3c</load_address>
         <run_address>0xc3c</run_address>
         <size>0x50</size>
         <input_file_ref idref="fl-c1"/>
      </object_component>
      <object_component id="oc-9a">
         <name>.debug_frame</name>
         <load_address>0xc8c</load_address>
         <run_address>0xc8c</run_address>
         <size>0x54</size>
         <input_file_ref idref="fl-c5"/>
      </object_component>
      <object_component id="oc-d5">
         <name>.debug_frame</name>
         <load_address>0xce0</load_address>
         <run_address>0xce0</run_address>
         <size>0x54</size>
         <input_file_ref idref="fl-c7"/>
      </object_component>
      <object_component id="oc-10e">
         <name>.debug_abbrev</name>
         <load_address>0x0</load_address>
         <run_address>0x0</run_address>
         <size>0x27</size>
         <input_file_ref idref="fl-1"/>
      </object_component>
      <object_component id="oc-110">
         <name>.debug_abbrev</name>
         <load_address>0x27</load_address>
         <run_address>0x27</run_address>
         <size>0x6c</size>
         <input_file_ref idref="fl-1"/>
      </object_component>
      <object_component id="oc-72">
         <name>.debug_abbrev</name>
         <load_address>0x93</load_address>
         <run_address>0x93</run_address>
         <size>0x69</size>
         <input_file_ref idref="fl-1"/>
      </object_component>
      <object_component id="oc-38">
         <name>.debug_abbrev</name>
         <load_address>0xfc</load_address>
         <run_address>0xfc</run_address>
         <size>0x1f</size>
         <input_file_ref idref="fl-1"/>
      </object_component>
      <object_component id="oc-af">
         <name>.debug_abbrev</name>
         <load_address>0x11b</load_address>
         <run_address>0x11b</run_address>
         <size>0x5c</size>
         <input_file_ref idref="fl-1"/>
      </object_component>
      <object_component id="oc-77">
         <name>.debug_abbrev</name>
         <load_address>0x177</load_address>
         <run_address>0x177</run_address>
         <size>0x24</size>
         <input_file_ref idref="fl-1"/>
      </object_component>
      <object_component id="oc-133">
         <name>.debug_abbrev</name>
         <load_address>0x19b</load_address>
         <run_address>0x19b</run_address>
         <size>0x2e</size>
         <input_file_ref idref="fl-2"/>
      </object_component>
      <object_component id="oc-111">
         <name>.debug_abbrev</name>
         <load_address>0x1c9</load_address>
         <run_address>0x1c9</run_address>
         <size>0xa9</size>
         <input_file_ref idref="fl-2"/>
      </object_component>
      <object_component id="oc-cf">
         <name>.debug_abbrev</name>
         <load_address>0x272</load_address>
         <run_address>0x272</run_address>
         <size>0x54</size>
         <input_file_ref idref="fl-3"/>
      </object_component>
      <object_component id="oc-6e">
         <name>.debug_abbrev</name>
         <load_address>0x2c6</load_address>
         <run_address>0x2c6</run_address>
         <size>0x68</size>
         <input_file_ref idref="fl-4"/>
      </object_component>
      <object_component id="oc-2d">
         <name>.debug_abbrev</name>
         <load_address>0x32e</load_address>
         <run_address>0x32e</run_address>
         <size>0x29</size>
         <input_file_ref idref="fl-4"/>
      </object_component>
      <object_component id="oc-6d">
         <name>.debug_abbrev</name>
         <load_address>0x357</load_address>
         <run_address>0x357</run_address>
         <size>0xa4</size>
         <input_file_ref idref="fl-4"/>
      </object_component>
      <object_component id="oc-6b">
         <name>.debug_abbrev</name>
         <load_address>0x3fb</load_address>
         <run_address>0x3fb</run_address>
         <size>0x29</size>
         <input_file_ref idref="fl-c1"/>
      </object_component>
      <object_component id="oc-a2">
         <name>.debug_abbrev</name>
         <load_address>0x424</load_address>
         <run_address>0x424</run_address>
         <size>0x55</size>
         <input_file_ref idref="fl-c1"/>
      </object_component>
      <object_component id="oc-c2">
         <name>.debug_abbrev</name>
         <load_address>0x479</load_address>
         <run_address>0x479</run_address>
         <size>0x55</size>
         <input_file_ref idref="fl-c5"/>
      </object_component>
      <object_component id="oc-113">
         <name>.debug_abbrev</name>
         <load_address>0x4ce</load_address>
         <run_address>0x4ce</run_address>
         <size>0x45</size>
         <input_file_ref idref="fl-c7"/>
      </object_component>
      <object_component id="oc-192">
         <name>.debug_abbrev</name>
         <load_address>0x513</load_address>
         <run_address>0x513</run_address>
         <size>0xf</size>
      </object_component>
      <object_component id="oc-74">
         <name>.debug_str</name>
         <load_address>0x0</load_address>
         <run_address>0x0</run_address>
         <size>0x2e3</size>
         <input_file_ref idref="fl-1"/>
      </object_component>
      <object_component id="oc-3a">
         <name>.debug_str</name>
         <load_address>0x2e3</load_address>
         <run_address>0x2e3</run_address>
         <size>0xff</size>
         <input_file_ref idref="fl-1"/>
      </object_component>
      <object_component id="oc-b1">
         <name>.debug_str</name>
         <load_address>0x3e2</load_address>
         <run_address>0x3e2</run_address>
         <size>0x379</size>
         <input_file_ref idref="fl-1"/>
      </object_component>
      <object_component id="oc-79">
         <name>.debug_str</name>
         <load_address>0x75b</load_address>
         <run_address>0x75b</run_address>
         <size>0x17b</size>
         <input_file_ref idref="fl-1"/>
      </object_component>
      <object_component id="oc-c5">
         <name>.debug_aranges</name>
         <load_address>0x0</load_address>
         <run_address>0x0</run_address>
         <size>0x20</size>
         <input_file_ref idref="fl-1"/>
      </object_component>
      <object_component id="oc-cb">
         <name>.debug_aranges</name>
         <load_address>0x20</load_address>
         <run_address>0x20</run_address>
         <size>0x78</size>
         <input_file_ref idref="fl-2"/>
      </object_component>
      <object_component id="oc-9d">
         <name>.debug_aranges</name>
         <load_address>0x98</load_address>
         <run_address>0x98</run_address>
         <size>0x20</size>
         <input_file_ref idref="fl-3"/>
      </object_component>
      <object_component id="oc-29">
         <name>.debug_aranges</name>
         <load_address>0xb8</load_address>
         <run_address>0xb8</run_address>
         <size>0x410</size>
         <input_file_ref idref="fl-4"/>
      </object_component>
      <object_component id="oc-55">
         <name>.debug_aranges</name>
         <load_address>0x4c8</load_address>
         <run_address>0x4c8</run_address>
         <size>0x20</size>
         <input_file_ref idref="fl-c1"/>
      </object_component>
      <object_component id="oc-97">
         <name>.debug_aranges</name>
         <load_address>0x4e8</load_address>
         <run_address>0x4e8</run_address>
         <size>0x20</size>
         <input_file_ref idref="fl-c5"/>
      </object_component>
      <object_component id="oc-d2">
         <name>.debug_aranges</name>
         <load_address>0x508</load_address>
         <run_address>0x508</run_address>
         <size>0x20</size>
         <input_file_ref idref="fl-c7"/>
      </object_component>
      <object_component id="oc-c6">
         <name>.debug_pubnames</name>
         <load_address>0x0</load_address>
         <run_address>0x0</run_address>
         <size>0x1f</size>
         <input_file_ref idref="fl-1"/>
      </object_component>
      <object_component id="oc-cc">
         <name>.debug_pubnames</name>
         <load_address>0x1f</load_address>
         <run_address>0x1f</run_address>
         <size>0xcb</size>
         <input_file_ref idref="fl-2"/>
      </object_component>
      <object_component id="oc-9e">
         <name>.debug_pubnames</name>
         <load_address>0xea</load_address>
         <run_address>0xea</run_address>
         <size>0x1b</size>
         <input_file_ref idref="fl-3"/>
      </object_component>
      <object_component id="oc-14">
         <name>.debug_pubnames</name>
         <load_address>0x105</load_address>
         <run_address>0x105</run_address>
         <size>0x23</size>
         <input_file_ref idref="fl-4"/>
      </object_component>
      <object_component id="oc-2a">
         <name>.debug_pubnames</name>
         <load_address>0x128</load_address>
         <run_address>0x128</run_address>
         <size>0xa55</size>
         <input_file_ref idref="fl-4"/>
      </object_component>
      <object_component id="oc-26">
         <name>.debug_pubnames</name>
         <load_address>0xb7d</load_address>
         <run_address>0xb7d</run_address>
         <size>0x1e</size>
         <input_file_ref idref="fl-c1"/>
      </object_component>
      <object_component id="oc-56">
         <name>.debug_pubnames</name>
         <load_address>0xb9b</load_address>
         <run_address>0xb9b</run_address>
         <size>0x2d</size>
         <input_file_ref idref="fl-c1"/>
      </object_component>
      <object_component id="oc-98">
         <name>.debug_pubnames</name>
         <load_address>0xbc8</load_address>
         <run_address>0xbc8</run_address>
         <size>0x27</size>
         <input_file_ref idref="fl-c5"/>
      </object_component>
      <object_component id="oc-d3">
         <name>.debug_pubnames</name>
         <load_address>0xbef</load_address>
         <run_address>0xbef</run_address>
         <size>0x1c</size>
         <input_file_ref idref="fl-c7"/>
      </object_component>
      <object_component id="oc-71">
         <name>.debug_pubtypes</name>
         <load_address>0x0</load_address>
         <run_address>0x0</run_address>
         <size>0x25c</size>
         <input_file_ref idref="fl-1"/>
      </object_component>
      <object_component id="oc-37">
         <name>.debug_pubtypes</name>
         <load_address>0x25c</load_address>
         <run_address>0x25c</run_address>
         <size>0xed</size>
         <input_file_ref idref="fl-1"/>
      </object_component>
      <object_component id="oc-ae">
         <name>.debug_pubtypes</name>
         <load_address>0x349</load_address>
         <run_address>0x349</run_address>
         <size>0x330</size>
         <input_file_ref idref="fl-1"/>
      </object_component>
      <object_component id="oc-76">
         <name>.debug_pubtypes</name>
         <load_address>0x679</load_address>
         <run_address>0x679</run_address>
         <size>0xaa</size>
         <input_file_ref idref="fl-1"/>
      </object_component>
   </object_component_list>
   <logical_group_list>
      <logical_group id="lg-3" display="no" color="cyan">
         <name>.intvecs</name>
         <load_address>0x0</load_address>
         <run_address>0x0</run_address>
         <size>0x26c</size>
         <contents>
            <object_component_ref idref="oc-12"/>
         </contents>
      </logical_group>
      <logical_group id="lg-4" display="no" color="cyan">
         <name>.text</name>
         <load_address>0x26c</load_address>
         <run_address>0x26c</run_address>
         <size>0x672</size>
         <contents>
            <object_component_ref idref="oc-c9"/>
            <object_component_ref idref="oc-27"/>
            <object_component_ref idref="oc-c3"/>
            <object_component_ref idref="oc-53"/>
            <object_component_ref idref="oc-9b"/>
            <object_component_ref idref="oc-95"/>
            <object_component_ref idref="oc-d0"/>
         </contents>
      </logical_group>
      <logical_group id="lg-5" display="no" color="cyan">
         <name>.const</name>
         <run_address>0x0</run_address>
         <size>0x0</size>
         <contents>
         </contents>
      </logical_group>
      <logical_group id="lg-6" display="no" color="cyan">
         <name>.cinit</name>
         <run_address>0x0</run_address>
         <size>0x0</size>
         <contents>
         </contents>
      </logical_group>
      <logical_group id="lg-7" display="no" color="cyan">
         <name>.pinit</name>
         <run_address>0x0</run_address>
         <size>0x0</size>
         <contents>
         </contents>
      </logical_group>
      <logical_group id="lg-8" display="no" color="cyan">
         <name>.init_array</name>
         <run_address>0x0</run_address>
         <size>0x0</size>
         <contents>
         </contents>
      </logical_group>
      <logical_group id="lg-9" display="no" color="cyan">
         <name>.vtable</name>
         <run_address>0x0</run_address>
         <size>0x0</size>
         <contents>
         </contents>
      </logical_group>
      <logical_group id="lg-a" display="no" color="cyan">
         <name>.data</name>
         <run_address>0x0</run_address>
         <size>0x0</size>
         <contents>
         </contents>
      </logical_group>
      <logical_group id="lg-b" display="no" color="cyan">
         <name>.bss</name>
         <run_address>0x0</run_address>
         <size>0x0</size>
         <contents>
         </contents>
      </logical_group>
      <logical_group id="lg-c" display="no" color="cyan">
         <name>.sysmem</name>
         <run_address>0x0</run_address>
         <size>0x0</size>
         <contents>
         </contents>
      </logical_group>
      <logical_group id="lg-d" display="no" color="cyan">
         <name>.stack</name>
         <run_address>0x20000000</run_address>
         <size>0x200</size>
         <contents>
            <object_component_ref idref="oc-24"/>
            <object_component_ref idref="oc-190"/>
         </contents>
      </logical_group>
      <logical_group id="lg-165" display="no" color="cyan">
         <name>.TI.noinit</name>
         <run_address>0x0</run_address>
         <size>0x0</size>
         <contents>
         </contents>
      </logical_group>
      <logical_group id="lg-166" display="no" color="cyan">
         <name>.TI.persistent</name>
         <run_address>0x0</run_address>
         <size>0x0</size>
         <contents>
         </contents>
      </logical_group>
      <logical_group id="lg-167" display="no" color="cyan">
         <name>__llvm_prf_cnts</name>
         <run_address>0x20000000</run_address>
         <size>0x0</size>
         <contents>
         </contents>
      </logical_group>
      <logical_group id="lg-176" display="never" color="cyan">
         <name>.debug_info</name>
         <load_address>0x0</load_address>
         <run_address>0x0</run_address>
         <size>0x59c6</size>
         <contents>
            <object_component_ref idref="oc-b2"/>
            <object_component_ref idref="oc-c4"/>
            <object_component_ref idref="oc-70"/>
            <object_component_ref idref="oc-36"/>
            <object_component_ref idref="oc-ad"/>
            <object_component_ref idref="oc-75"/>
            <object_component_ref idref="oc-112"/>
            <object_component_ref idref="oc-ca"/>
            <object_component_ref idref="oc-9c"/>
            <object_component_ref idref="oc-2f"/>
            <object_component_ref idref="oc-13"/>
            <object_component_ref idref="oc-28"/>
            <object_component_ref idref="oc-25"/>
            <object_component_ref idref="oc-54"/>
            <object_component_ref idref="oc-96"/>
            <object_component_ref idref="oc-d1"/>
            <object_component_ref idref="oc-191"/>
         </contents>
      </logical_group>
      <logical_group id="lg-178" display="never" color="cyan">
         <name>.debug_line</name>
         <load_address>0x0</load_address>
         <run_address>0x0</run_address>
         <size>0x11e3</size>
         <contents>
            <object_component_ref idref="oc-10f"/>
            <object_component_ref idref="oc-c7"/>
            <object_component_ref idref="oc-73"/>
            <object_component_ref idref="oc-39"/>
            <object_component_ref idref="oc-b0"/>
            <object_component_ref idref="oc-78"/>
            <object_component_ref idref="oc-134"/>
            <object_component_ref idref="oc-cd"/>
            <object_component_ref idref="oc-9f"/>
            <object_component_ref idref="oc-6f"/>
            <object_component_ref idref="oc-2e"/>
            <object_component_ref idref="oc-2b"/>
            <object_component_ref idref="oc-6c"/>
            <object_component_ref idref="oc-57"/>
            <object_component_ref idref="oc-99"/>
            <object_component_ref idref="oc-d4"/>
         </contents>
      </logical_group>
      <logical_group id="lg-17a" display="never" color="cyan">
         <name>.debug_frame</name>
         <load_address>0x0</load_address>
         <run_address>0x0</run_address>
         <size>0xd34</size>
         <contents>
            <object_component_ref idref="oc-c8"/>
            <object_component_ref idref="oc-ce"/>
            <object_component_ref idref="oc-a0"/>
            <object_component_ref idref="oc-2c"/>
            <object_component_ref idref="oc-58"/>
            <object_component_ref idref="oc-9a"/>
            <object_component_ref idref="oc-d5"/>
         </contents>
      </logical_group>
      <logical_group id="lg-17c" display="never" color="cyan">
         <name>.debug_abbrev</name>
         <load_address>0x0</load_address>
         <run_address>0x0</run_address>
         <size>0x522</size>
         <contents>
            <object_component_ref idref="oc-10e"/>
            <object_component_ref idref="oc-110"/>
            <object_component_ref idref="oc-72"/>
            <object_component_ref idref="oc-38"/>
            <object_component_ref idref="oc-af"/>
            <object_component_ref idref="oc-77"/>
            <object_component_ref idref="oc-133"/>
            <object_component_ref idref="oc-111"/>
            <object_component_ref idref="oc-cf"/>
            <object_component_ref idref="oc-6e"/>
            <object_component_ref idref="oc-2d"/>
            <object_component_ref idref="oc-6d"/>
            <object_component_ref idref="oc-6b"/>
            <object_component_ref idref="oc-a2"/>
            <object_component_ref idref="oc-c2"/>
            <object_component_ref idref="oc-113"/>
            <object_component_ref idref="oc-192"/>
         </contents>
      </logical_group>
      <logical_group id="lg-17e" display="never" color="cyan">
         <name>.debug_str</name>
         <load_address>0x0</load_address>
         <run_address>0x0</run_address>
         <size>0x8d6</size>
         <contents>
            <object_component_ref idref="oc-74"/>
            <object_component_ref idref="oc-3a"/>
            <object_component_ref idref="oc-b1"/>
            <object_component_ref idref="oc-79"/>
         </contents>
      </logical_group>
      <logical_group id="lg-180" display="never" color="cyan">
         <name>.debug_aranges</name>
         <load_address>0x0</load_address>
         <run_address>0x0</run_address>
         <size>0x528</size>
         <contents>
            <object_component_ref idref="oc-c5"/>
            <object_component_ref idref="oc-cb"/>
            <object_component_ref idref="oc-9d"/>
            <object_component_ref idref="oc-29"/>
            <object_component_ref idref="oc-55"/>
            <object_component_ref idref="oc-97"/>
            <object_component_ref idref="oc-d2"/>
         </contents>
      </logical_group>
      <logical_group id="lg-182" display="never" color="cyan">
         <name>.debug_pubnames</name>
         <load_address>0x0</load_address>
         <run_address>0x0</run_address>
         <size>0xc0b</size>
         <contents>
            <object_component_ref idref="oc-c6"/>
            <object_component_ref idref="oc-cc"/>
            <object_component_ref idref="oc-9e"/>
            <object_component_ref idref="oc-14"/>
            <object_component_ref idref="oc-2a"/>
            <object_component_ref idref="oc-26"/>
            <object_component_ref idref="oc-56"/>
            <object_component_ref idref="oc-98"/>
            <object_component_ref idref="oc-d3"/>
         </contents>
      </logical_group>
      <logical_group id="lg-184" display="never" color="cyan">
         <name>.debug_pubtypes</name>
         <load_address>0x0</load_address>
         <run_address>0x0</run_address>
         <size>0x723</size>
         <contents>
            <object_component_ref idref="oc-71"/>
            <object_component_ref idref="oc-37"/>
            <object_component_ref idref="oc-ae"/>
            <object_component_ref idref="oc-76"/>
         </contents>
      </logical_group>
      <logical_group id="lg-18f" display="no" color="cyan">
         <name>Veneer$$CMSE</name>
         <run_address>0x0</run_address>
         <size>0x0</size>
         <contents>
         </contents>
      </logical_group>
      <load_segment id="lg-194" display="no" color="cyan">
         <name>SEGMENT_0</name>
         <load_address>0x0</load_address>
         <run_address>0x0</run_address>
         <size>0x8de</size>
         <flags>0x5</flags>
         <contents>
            <logical_group_ref idref="lg-3"/>
            <logical_group_ref idref="lg-4"/>
         </contents>
      </load_segment>
      <load_segment id="lg-195" display="no" color="cyan">
         <name>SEGMENT_1</name>
         <run_address>0x20000000</run_address>
         <size>0x200</size>
         <flags>0x6</flags>
         <contents>
            <logical_group_ref idref="lg-d"/>
         </contents>
      </load_segment>
   </logical_group_list>
   <placement_map>
      <memory_area display="yes" color="green">
         <name>FLASH</name>
         <page_id>0x0</page_id>
         <origin>0x0</origin>
         <length>0x40000</length>
         <used_space>0x8de</used_space>
         <unused_space>0x3f722</unused_space>
         <attributes>RX</attributes>
         <usage_details>
            <allocated_space>
               <start_address>0x0</start_address>
               <size>0x26c</size>
               <logical_group_ref idref="lg-3"/>
            </allocated_space>
            <allocated_space>
               <start_address>0x26c</start_address>
               <size>0x672</size>
               <logical_group_ref idref="lg-4"/>
            </allocated_space>
            <available_space>
               <start_address>0x8de</start_address>
               <size>0x3f722</size>
            </available_space>
         </usage_details>
      </memory_area>
      <memory_area display="yes" color="green">
         <name>SRAM</name>
         <page_id>0x0</page_id>
         <origin>0x20000000</origin>
         <length>0x8000</length>
         <used_space>0x200</used_space>
         <unused_space>0x7e00</unused_space>
         <attributes>RWX</attributes>
         <usage_details>
            <allocated_space>
               <start_address>0x20000000</start_address>
               <size>0x0</size>
               <logical_group_ref idref="lg-167"/>
            </allocated_space>
            <allocated_space>
               <start_address>0x20000000</start_address>
               <size>0x200</size>
               <logical_group_ref idref="lg-d"/>
            </allocated_space>
            <available_space>
               <start_address>0x20000200</start_address>
               <size>0x7e00</size>
            </available_space>
         </usage_details>
      </memory_area>
   </placement_map>
   <symbol_table>
      <symbol id="sm-1">
         <name>__STACK_TOP</name>
         <value>0x20000200</value>
      </symbol>
      <symbol id="sm-2">
         <name>__start___llvm_prf_cnts</name>
         <value>0x20000000</value>
      </symbol>
      <symbol id="sm-3">
         <name>__stop___llvm_prf_cnts</name>
         <value>0x20000000</value>
      </symbol>
      <symbol id="sm-4">
         <name>binit</name>
         <value>0xffffffff</value>
      </symbol>
      <symbol id="sm-5">
         <name>__binit__</name>
         <value>0xffffffff</value>
      </symbol>
      <symbol id="sm-6">
         <name>__STACK_SIZE</name>
         <value>0x200</value>
      </symbol>
      <symbol id="sm-7">
         <name>__STACK_END</name>
         <value>0x20000200</value>
      </symbol>
      <symbol id="sm-8">
         <name>__c_args__</name>
         <value>0xffffffff</value>
      </symbol>
      <symbol id="sm-9">
         <name>__TI_pprof_out_hndl</name>
         <value>0xffffffff</value>
      </symbol>
      <symbol id="sm-a">
         <name>__TI_prof_data_start</name>
         <value>0xffffffff</value>
      </symbol>
      <symbol id="sm-b">
         <name>__TI_prof_data_size</name>
         <value>0xffffffff</value>
      </symbol>
      <symbol id="sm-c">
         <name>__TI_static_base__</name>
         <value>0x0</value>
      </symbol>
      <symbol id="sm-49">
         <name>PLL_Init</name>
         <value>0x811</value>
         <object_component_ref idref="oc-c3"/>
      </symbol>
      <symbol id="sm-82">
         <name>Finger4_Duty</name>
         <value>0x60b</value>
         <object_component_ref idref="oc-c9"/>
      </symbol>
      <symbol id="sm-83">
         <name>Finger2_Duty</name>
         <value>0x5cf</value>
         <object_component_ref idref="oc-c9"/>
      </symbol>
      <symbol id="sm-84">
         <name>Finger3_Duty</name>
         <value>0x5ed</value>
         <object_component_ref idref="oc-c9"/>
      </symbol>
      <symbol id="sm-85">
         <name>Finger0_Duty</name>
         <value>0x593</value>
         <object_component_ref idref="oc-c9"/>
      </symbol>
      <symbol id="sm-86">
         <name>Finger1_Duty</name>
         <value>0x5b1</value>
         <object_component_ref idref="oc-c9"/>
      </symbol>
      <symbol id="sm-87">
         <name>PWM0A_Init</name>
         <value>0x26d</value>
         <object_component_ref idref="oc-c9"/>
      </symbol>
      <symbol id="sm-88">
         <name>PWM0B_Init</name>
         <value>0x30f</value>
         <object_component_ref idref="oc-c9"/>
      </symbol>
      <symbol id="sm-89">
         <name>PWM1A_Init</name>
         <value>0x3b1</value>
         <object_component_ref idref="oc-c9"/>
      </symbol>
      <symbol id="sm-8a">
         <name>PWM1B_Init</name>
         <value>0x451</value>
         <object_component_ref idref="oc-c9"/>
      </symbol>
      <symbol id="sm-8b">
         <name>Hand_Init</name>
         <value>0x63d</value>
         <object_component_ref idref="oc-c9"/>
      </symbol>
      <symbol id="sm-8c">
         <name>toDuty</name>
         <value>0x691</value>
         <object_component_ref idref="oc-c9"/>
      </symbol>
      <symbol id="sm-8d">
         <name>PWM2A_Init</name>
         <value>0x4f3</value>
         <object_component_ref idref="oc-c9"/>
      </symbol>
      <symbol id="sm-98">
         <name>main</name>
         <value>0x8c5</value>
         <object_component_ref idref="oc-9b"/>
      </symbol>
      <symbol id="sm-1a5">
         <name>Hibernate_Handler</name>
         <value>0x767</value>
         <object_component_ref idref="oc-27"/>
      </symbol>
      <symbol id="sm-1a6">
         <name>UART1_Handler</name>
         <value>0x71d</value>
         <object_component_ref idref="oc-27"/>
      </symbol>
      <symbol id="sm-1a7">
         <name>FPU_Handler</name>
         <value>0x7b5</value>
         <object_component_ref idref="oc-27"/>
      </symbol>
      <symbol id="sm-1a8">
         <name>PendSV_Handler</name>
         <value>0x70d</value>
         <object_component_ref idref="oc-27"/>
      </symbol>
      <symbol id="sm-1a9">
         <name>GPIOPortP4_Handler</name>
         <value>0x7cf</value>
         <object_component_ref idref="oc-27"/>
      </symbol>
      <symbol id="sm-1aa">
         <name>FlashCtl_Handler</name>
         <value>0x74b</value>
         <object_component_ref idref="oc-27"/>
      </symbol>
      <symbol id="sm-1ab">
         <name>Timer0A_Handler</name>
         <value>0x737</value>
         <object_component_ref idref="oc-27"/>
      </symbol>
      <symbol id="sm-1ac">
         <name>Timer2A_Handler</name>
         <value>0x73f</value>
         <object_component_ref idref="oc-27"/>
      </symbol>
      <symbol id="sm-1ad">
         <name>Timer4A_Handler</name>
         <value>0x795</value>
         <object_component_ref idref="oc-27"/>
      </symbol>
      <symbol id="sm-1ae">
         <name>SysTick_Handler</name>
         <value>0x70f</value>
         <object_component_ref idref="oc-27"/>
      </symbol>
      <symbol id="sm-1af">
         <name>SVC_Handler</name>
         <value>0x709</value>
         <object_component_ref idref="oc-27"/>
      </symbol>
      <symbol id="sm-1b0">
         <name>I2C0_Handler</name>
         <value>0x721</value>
         <object_component_ref idref="oc-27"/>
      </symbol>
      <symbol id="sm-1b1">
         <name>I2S0_Handler</name>
         <value>0x779</value>
         <object_component_ref idref="oc-27"/>
      </symbol>
      <symbol id="sm-1b2">
         <name>SSI2_Handler</name>
         <value>0x783</value>
         <object_component_ref idref="oc-27"/>
      </symbol>
      <symbol id="sm-1b3">
         <name>GPIOPortJ_Handler</name>
         <value>0x77d</value>
         <object_component_ref idref="oc-27"/>
      </symbol>
      <symbol id="sm-1b4">
         <name>GPIOPortE_Handler</name>
         <value>0x719</value>
         <object_component_ref idref="oc-27"/>
      </symbol>
      <symbol id="sm-1b5">
         <name>GPIOPortQ3_Handler</name>
         <value>0x7dd</value>
         <object_component_ref idref="oc-27"/>
      </symbol>
      <symbol id="sm-1b6">
         <name>ADC0Seq0_Handler</name>
         <value>0x72d</value>
         <object_component_ref idref="oc-27"/>
      </symbol>
      <symbol id="sm-1b7">
         <name>uDMA_Error</name>
         <value>0x76f</value>
         <object_component_ref idref="oc-27"/>
      </symbol>
      <symbol id="sm-1b8">
         <name>UART3_Handler</name>
         <value>0x787</value>
         <object_component_ref idref="oc-27"/>
      </symbol>
      <symbol id="sm-1b9">
         <name>CAN0_Handler</name>
         <value>0x75f</value>
         <object_component_ref idref="oc-27"/>
      </symbol>
      <symbol id="sm-1ba">
         <name>GPIOPortP6_Handler</name>
         <value>0x7d3</value>
         <object_component_ref idref="oc-27"/>
      </symbol>
      <symbol id="sm-1bb">
         <name>Quadrature1_Handler</name>
         <value>0x75d</value>
         <object_component_ref idref="oc-27"/>
      </symbol>
      <symbol id="sm-1bc">
         <name>PWM0Fault_Handler</name>
         <value>0x723</value>
         <object_component_ref idref="oc-27"/>
      </symbol>
      <symbol id="sm-1bd">
         <name>ExtBus_Handler</name>
         <value>0x77b</value>
         <object_component_ref idref="oc-27"/>
      </symbol>
      <symbol id="sm-1be">
         <name>GPIOPortP1_Handler</name>
         <value>0x7c9</value>
         <object_component_ref idref="oc-27"/>
      </symbol>
      <symbol id="sm-1bf">
         <name>PWM0Generator3_Handler</name>
         <value>0x76b</value>
         <object_component_ref idref="oc-27"/>
      </symbol>
      <symbol id="sm-1c0">
         <name>I2C2_Handler</name>
         <value>0x791</value>
         <object_component_ref idref="oc-27"/>
      </symbol>
      <symbol id="sm-1c1">
         <name>Timer1A_Handler</name>
         <value>0x73b</value>
         <object_component_ref idref="oc-27"/>
      </symbol>
      <symbol id="sm-1c2">
         <name>Timer3A_Handler</name>
         <value>0x757</value>
         <object_component_ref idref="oc-27"/>
      </symbol>
      <symbol id="sm-1c3">
         <name>Timer5A_Handler</name>
         <value>0x799</value>
         <object_component_ref idref="oc-27"/>
      </symbol>
      <symbol id="sm-1c4">
         <name>GPIOPortL_Handler</name>
         <value>0x781</value>
         <object_component_ref idref="oc-27"/>
      </symbol>
      <symbol id="sm-1c5">
         <name>WDT_Handler</name>
         <value>0x735</value>
         <object_component_ref idref="oc-27"/>
      </symbol>
      <symbol id="sm-1c6">
         <name>WideTimer3A_Handler</name>
         <value>0x7a9</value>
         <object_component_ref idref="oc-27"/>
      </symbol>
      <symbol id="sm-1c7">
         <name>WideTimer1A_Handler</name>
         <value>0x7a1</value>
         <object_component_ref idref="oc-27"/>
      </symbol>
      <symbol id="sm-1c8">
         <name>WideTimer5A_Handler</name>
         <value>0x7b1</value>
         <object_component_ref idref="oc-27"/>
      </symbol>
      <symbol id="sm-1c9">
         <name>GPIOPortG_Handler</name>
         <value>0x74f</value>
         <object_component_ref idref="oc-27"/>
      </symbol>
      <symbol id="sm-1ca">
         <name>GPIOPortQ5_Handler</name>
         <value>0x7e1</value>
         <object_component_ref idref="oc-27"/>
      </symbol>
      <symbol id="sm-1cb">
         <name>UART5_Handler</name>
         <value>0x78b</value>
         <object_component_ref idref="oc-27"/>
      </symbol>
      <symbol id="sm-1cc">
         <name>CAN2_Handler</name>
         <value>0x763</value>
         <object_component_ref idref="oc-27"/>
      </symbol>
      <symbol id="sm-1cd">
         <name>StartCritical</name>
         <value>0x7fd</value>
         <object_component_ref idref="oc-27"/>
      </symbol>
      <symbol id="sm-1ce">
         <name>GPIOPortP3_Handler</name>
         <value>0x7cd</value>
         <object_component_ref idref="oc-27"/>
      </symbol>
      <symbol id="sm-1cf">
         <name>GPIOPortP_Handler</name>
         <value>0x7c7</value>
         <object_component_ref idref="oc-27"/>
      </symbol>
      <symbol id="sm-1d0">
         <name>Comp1_Handler</name>
         <value>0x745</value>
         <object_component_ref idref="oc-27"/>
      </symbol>
      <symbol id="sm-1d1">
         <name>Timer0B_Handler</name>
         <value>0x739</value>
         <object_component_ref idref="oc-27"/>
      </symbol>
      <symbol id="sm-1d2">
         <name>Timer2B_Handler</name>
         <value>0x741</value>
         <object_component_ref idref="oc-27"/>
      </symbol>
      <symbol id="sm-1d3">
         <name>Timer4B_Handler</name>
         <value>0x797</value>
         <object_component_ref idref="oc-27"/>
      </symbol>
      <symbol id="sm-1d4">
         <name>PWM0Generator1_Handler</name>
         <value>0x727</value>
         <object_component_ref idref="oc-27"/>
      </symbol>
      <symbol id="sm-1d5">
         <name>ResetISR</name>
         <value>0x6fd</value>
         <object_component_ref idref="oc-27"/>
      </symbol>
      <symbol id="sm-1d6">
         <name>PECI0_Handler</name>
         <value>0x7b7</value>
         <object_component_ref idref="oc-27"/>
      </symbol>
      <symbol id="sm-1d7">
         <name>LPC0_Handler</name>
         <value>0x7b9</value>
         <object_component_ref idref="oc-27"/>
      </symbol>
      <symbol id="sm-1d8">
         <name>PWM1Generator2_Handler</name>
         <value>0x7ef</value>
         <object_component_ref idref="oc-27"/>
      </symbol>
      <symbol id="sm-1d9">
         <name>I2C5_Handler</name>
         <value>0x7bd</value>
         <object_component_ref idref="oc-27"/>
      </symbol>
      <symbol id="sm-1da">
         <name>GPIOPortN_Handler</name>
         <value>0x7c1</value>
         <object_component_ref idref="oc-27"/>
      </symbol>
      <symbol id="sm-1db">
         <name>ADC1Seq2_Handler</name>
         <value>0x775</value>
         <object_component_ref idref="oc-27"/>
      </symbol>
      <symbol id="sm-1dc">
         <name>GPIOPortQ7_Handler</name>
         <value>0x7e5</value>
         <object_component_ref idref="oc-27"/>
      </symbol>
      <symbol id="sm-1dd">
         <name>UART7_Handler</name>
         <value>0x78f</value>
         <object_component_ref idref="oc-27"/>
      </symbol>
      <symbol id="sm-1de">
         <name>ADC0Seq3_Handler</name>
         <value>0x733</value>
         <object_component_ref idref="oc-27"/>
      </symbol>
      <symbol id="sm-1df">
         <name>WideTimer2A_Handler</name>
         <value>0x7a5</value>
         <object_component_ref idref="oc-27"/>
      </symbol>
      <symbol id="sm-1e0">
         <name>WideTimer0A_Handler</name>
         <value>0x79d</value>
         <object_component_ref idref="oc-27"/>
      </symbol>
      <symbol id="sm-1e1">
         <name>WideTimer4A_Handler</name>
         <value>0x7ad</value>
         <object_component_ref idref="oc-27"/>
      </symbol>
      <symbol id="sm-1e2">
         <name>GPIOPortP5_Handler</name>
         <value>0x7d1</value>
         <object_component_ref idref="oc-27"/>
      </symbol>
      <symbol id="sm-1e3">
         <name>GPIOPortR_Handler</name>
         <value>0x7e7</value>
         <object_component_ref idref="oc-27"/>
      </symbol>
      <symbol id="sm-1e4">
         <name>USB0_Handler</name>
         <value>0x769</value>
         <object_component_ref idref="oc-27"/>
      </symbol>
      <symbol id="sm-1e5">
         <name>PWM1Generator0_Handler</name>
         <value>0x7eb</value>
         <object_component_ref idref="oc-27"/>
      </symbol>
      <symbol id="sm-1e6">
         <name>EndCritical</name>
         <value>0x805</value>
         <object_component_ref idref="oc-27"/>
      </symbol>
      <symbol id="sm-1e7">
         <name>SSI1_Handler</name>
         <value>0x755</value>
         <object_component_ref idref="oc-27"/>
      </symbol>
      <symbol id="sm-1e8">
         <name>Timer1B_Handler</name>
         <value>0x73d</value>
         <object_component_ref idref="oc-27"/>
      </symbol>
      <symbol id="sm-1e9">
         <name>Timer3B_Handler</name>
         <value>0x759</value>
         <object_component_ref idref="oc-27"/>
      </symbol>
      <symbol id="sm-1ea">
         <name>Timer5B_Handler</name>
         <value>0x79b</value>
         <object_component_ref idref="oc-27"/>
      </symbol>
      <symbol id="sm-1eb">
         <name>ADC1Seq0_Handler</name>
         <value>0x771</value>
         <object_component_ref idref="oc-27"/>
      </symbol>
      <symbol id="sm-1ec">
         <name>GPIOPortK_Handler</name>
         <value>0x77f</value>
         <object_component_ref idref="oc-27"/>
      </symbol>
      <symbol id="sm-1ed">
         <name>WideTimer3B_Handler</name>
         <value>0x7ab</value>
         <object_component_ref idref="oc-27"/>
      </symbol>
      <symbol id="sm-1ee">
         <name>WideTimer1B_Handler</name>
         <value>0x7a3</value>
         <object_component_ref idref="oc-27"/>
      </symbol>
      <symbol id="sm-1ef">
         <name>WideTimer5B_Handler</name>
         <value>0x7b3</value>
         <object_component_ref idref="oc-27"/>
      </symbol>
      <symbol id="sm-1f0">
         <name>SysCtl_Handler</name>
         <value>0x749</value>
         <object_component_ref idref="oc-27"/>
      </symbol>
      <symbol id="sm-1f1">
         <name>GPIOPortB_Handler</name>
         <value>0x713</value>
         <object_component_ref idref="oc-27"/>
      </symbol>
      <symbol id="sm-1f2">
         <name>uDMA_Handler</name>
         <value>0x76d</value>
         <object_component_ref idref="oc-27"/>
      </symbol>
      <symbol id="sm-1f3">
         <name>ADC0Seq1_Handler</name>
         <value>0x72f</value>
         <object_component_ref idref="oc-27"/>
      </symbol>
      <symbol id="sm-1f4">
         <name>UART0_Handler</name>
         <value>0x71b</value>
         <object_component_ref idref="oc-27"/>
      </symbol>
      <symbol id="sm-1f5">
         <name>GPIOPortP7_Handler</name>
         <value>0x7d5</value>
         <object_component_ref idref="oc-27"/>
      </symbol>
      <symbol id="sm-1f6">
         <name>PWM1Fault_Handler</name>
         <value>0x7f3</value>
         <object_component_ref idref="oc-27"/>
      </symbol>
      <symbol id="sm-1f7">
         <name>I2C1_Handler</name>
         <value>0x75b</value>
         <object_component_ref idref="oc-27"/>
      </symbol>
      <symbol id="sm-1f8">
         <name>SSI3_Handler</name>
         <value>0x785</value>
         <object_component_ref idref="oc-27"/>
      </symbol>
      <symbol id="sm-1f9">
         <name>GPIOPortM_Handler</name>
         <value>0x7bf</value>
         <object_component_ref idref="oc-27"/>
      </symbol>
      <symbol id="sm-1fa">
         <name>g_pfnVectors</name>
         <value>0x0</value>
         <object_component_ref idref="oc-12"/>
      </symbol>
      <symbol id="sm-1fb">
         <name>GPIOPortD_Handler</name>
         <value>0x717</value>
         <object_component_ref idref="oc-27"/>
      </symbol>
      <symbol id="sm-1fc">
         <name>GPIOPortQ2_Handler</name>
         <value>0x7db</value>
         <object_component_ref idref="oc-27"/>
      </symbol>
      <symbol id="sm-1fd">
         <name>UART2_Handler</name>
         <value>0x753</value>
         <object_component_ref idref="oc-27"/>
      </symbol>
      <symbol id="sm-1fe">
         <name>CAN1_Handler</name>
         <value>0x761</value>
         <object_component_ref idref="oc-27"/>
      </symbol>
      <symbol id="sm-1ff">
         <name>Quadrature0_Handler</name>
         <value>0x72b</value>
         <object_component_ref idref="oc-27"/>
      </symbol>
      <symbol id="sm-200">
         <name>WideTimer2B_Handler</name>
         <value>0x7a7</value>
         <object_component_ref idref="oc-27"/>
      </symbol>
      <symbol id="sm-201">
         <name>WideTimer0B_Handler</name>
         <value>0x79f</value>
         <object_component_ref idref="oc-27"/>
      </symbol>
      <symbol id="sm-202">
         <name>WideTimer4B_Handler</name>
         <value>0x7af</value>
         <object_component_ref idref="oc-27"/>
      </symbol>
      <symbol id="sm-203">
         <name>GPIOPortQ_Handler</name>
         <value>0x7d7</value>
         <object_component_ref idref="oc-27"/>
      </symbol>
      <symbol id="sm-204">
         <name>DisableInterrupts</name>
         <value>0x7f5</value>
         <object_component_ref idref="oc-27"/>
      </symbol>
      <symbol id="sm-205">
         <name>Comp0_Handler</name>
         <value>0x743</value>
         <object_component_ref idref="oc-27"/>
      </symbol>
      <symbol id="sm-206">
         <name>PWM0Generator2_Handler</name>
         <value>0x729</value>
         <object_component_ref idref="oc-27"/>
      </symbol>
      <symbol id="sm-207">
         <name>I2C3_Handler</name>
         <value>0x793</value>
         <object_component_ref idref="oc-27"/>
      </symbol>
      <symbol id="sm-208">
         <name>Ethernet_Handler</name>
         <value>0x765</value>
         <object_component_ref idref="oc-27"/>
      </symbol>
      <symbol id="sm-209">
         <name>PWM1Generator3_Handler</name>
         <value>0x7f1</value>
         <object_component_ref idref="oc-27"/>
      </symbol>
      <symbol id="sm-20a">
         <name>I2C4_Handler</name>
         <value>0x7bb</value>
         <object_component_ref idref="oc-27"/>
      </symbol>
      <symbol id="sm-20b">
         <name>Fan0_Handler</name>
         <value>0x7c5</value>
         <object_component_ref idref="oc-27"/>
      </symbol>
      <symbol id="sm-20c">
         <name>WaitForInterrupt</name>
         <value>0x80b</value>
         <object_component_ref idref="oc-27"/>
      </symbol>
      <symbol id="sm-20d">
         <name>ADC1Seq3_Handler</name>
         <value>0x777</value>
         <object_component_ref idref="oc-27"/>
      </symbol>
      <symbol id="sm-20e">
         <name>GPIOPortF_Handler</name>
         <value>0x74d</value>
         <object_component_ref idref="oc-27"/>
      </symbol>
      <symbol id="sm-20f">
         <name>GPIOPortQ4_Handler</name>
         <value>0x7df</value>
         <object_component_ref idref="oc-27"/>
      </symbol>
      <symbol id="sm-210">
         <name>EnableInterrupts</name>
         <value>0x7f9</value>
         <object_component_ref idref="oc-27"/>
      </symbol>
      <symbol id="sm-211">
         <name>GPIOPortA_Handler</name>
         <value>0x711</value>
         <object_component_ref idref="oc-27"/>
      </symbol>
      <symbol id="sm-212">
         <name>UART4_Handler</name>
         <value>0x789</value>
         <object_component_ref idref="oc-27"/>
      </symbol>
      <symbol id="sm-213">
         <name>Quadrature2_Handler</name>
         <value>0x7c3</value>
         <object_component_ref idref="oc-27"/>
      </symbol>
      <symbol id="sm-214">
         <name>GPIOPortP2_Handler</name>
         <value>0x7cb</value>
         <object_component_ref idref="oc-27"/>
      </symbol>
      <symbol id="sm-215">
         <name>GPIOPortS_Handler</name>
         <value>0x7e9</value>
         <object_component_ref idref="oc-27"/>
      </symbol>
      <symbol id="sm-216">
         <name>Comp2_Handler</name>
         <value>0x747</value>
         <object_component_ref idref="oc-27"/>
      </symbol>
      <symbol id="sm-217">
         <name>DebugMon_Handler</name>
         <value>0x70b</value>
         <object_component_ref idref="oc-27"/>
      </symbol>
      <symbol id="sm-218">
         <name>PWM0Generator0_Handler</name>
         <value>0x725</value>
         <object_component_ref idref="oc-27"/>
      </symbol>
      <symbol id="sm-219">
         <name>PWM1Generator1_Handler</name>
         <value>0x7ed</value>
         <object_component_ref idref="oc-27"/>
      </symbol>
      <symbol id="sm-21a">
         <name>SSI0_Handler</name>
         <value>0x71f</value>
         <object_component_ref idref="oc-27"/>
      </symbol>
      <symbol id="sm-21b">
         <name>ADC1Seq1_Handler</name>
         <value>0x773</value>
         <object_component_ref idref="oc-27"/>
      </symbol>
      <symbol id="sm-21c">
         <name>GPIOPortH_Handler</name>
         <value>0x751</value>
         <object_component_ref idref="oc-27"/>
      </symbol>
      <symbol id="sm-21d">
         <name>GPIOPortQ6_Handler</name>
         <value>0x7e3</value>
         <object_component_ref idref="oc-27"/>
      </symbol>
      <symbol id="sm-21e">
         <name>GPIOPortC_Handler</name>
         <value>0x715</value>
         <object_component_ref idref="oc-27"/>
      </symbol>
      <symbol id="sm-21f">
         <name>GPIOPortQ1_Handler</name>
         <value>0x7d9</value>
         <object_component_ref idref="oc-27"/>
      </symbol>
      <symbol id="sm-220">
         <name>UART6_Handler</name>
         <value>0x78d</value>
         <object_component_ref idref="oc-27"/>
      </symbol>
      <symbol id="sm-221">
         <name>ADC0Seq2_Handler</name>
         <value>0x731</value>
         <object_component_ref idref="oc-27"/>
      </symbol>
      <symbol id="sm-237">
         <name>_c_int00_noinit_noargs</name>
         <value>0x899</value>
         <object_component_ref idref="oc-53"/>
      </symbol>
      <symbol id="sm-238">
         <name>__stack</name>
         <value>0x20000000</value>
         <object_component_ref idref="oc-24"/>
      </symbol>
      <symbol id="sm-245">
         <name>_system_pre_init</name>
         <value>0x8d7</value>
         <object_component_ref idref="oc-95"/>
      </symbol>
      <symbol id="sm-251">
         <name>C$$EXIT</name>
         <value>0x8db</value>
         <object_component_ref idref="oc-d0"/>
      </symbol>
      <symbol id="sm-252">
         <name>abort</name>
         <value>0x8db</value>
         <object_component_ref idref="oc-d0"/>
      </symbol>
      <symbol id="sm-255">
         <name>__mpu_init</name>
         <value>0x0</value>
      </symbol>
   </symbol_table>
   <title>Link successful</title>
</link_info>
